This is pdfTeX, Version 3.141592653-2.6-1.40.29 (MiKTeX 26.2) (preloaded format=pdflatex.fmt)
 restricted \write18 enabled.
entering extended mode
(main.tex
LaTeX2e <2025-11-01>
L3 programming layer <2026-03-20>
(C:\Users\gpintochica\AppData\Local\Programs\MiKTeX\tex/latex/base\article.cls
Document Class: article 2025/01/22 v1.4n Standard LaTeX document class
(C:\Users\gpintochica\AppData\Local\Programs\MiKTeX\tex/latex/base\size12.clo))
 (ktu_thesis_style.sty
(C:\Users\gpintochica\AppData\Local\Programs\MiKTeX\tex/latex/base\inputenc.sty
)
(C:\Users\gpintochica\AppData\Local\Programs\MiKTeX\tex/latex/mfirstuc\mfirstuc
.sty
(C:\Users\gpintochica\AppData\Local\Programs\MiKTeX\tex/latex/etoolbox\etoolbox
.sty))
(C:\Users\gpintochica\AppData\Local\Programs\MiKTeX\tex/latex/base\fontenc.sty)

(C:\Users\gpintochica\AppData\Local\Programs\MiKTeX\tex/latex/psnfss\mathptmx.s
ty)
(C:\Users\gpintochica\AppData\Local\Programs\MiKTeX\tex/latex/graphics\graphicx
.sty
(C:\Users\gpintochica\AppData\Local\Programs\MiKTeX\tex/latex/graphics\keyval.s
ty)
(C:\Users\gpintochica\AppData\Local\Programs\MiKTeX\tex/latex/graphics\graphics
.sty
(C:\Users\gpintochica\AppData\Local\Programs\MiKTeX\tex/latex/graphics\trig.sty
)
(C:\Users\gpintochica\AppData\Local\Programs\MiKTeX\tex/latex/graphics-cfg\grap
hics.cfg)
(C:\Users\gpintochica\AppData\Local\Programs\MiKTeX\tex/latex/graphics-def\pdft
ex.def)))
(C:\Users\gpintochica\AppData\Local\Programs\MiKTeX\tex/latex/geometry\geometry
.sty
(C:\Users\gpintochica\AppData\Local\Programs\MiKTeX\tex/generic/iftex\ifvtex.st
y
(C:\Users\gpintochica\AppData\Local\Programs\MiKTeX\tex/generic/iftex\iftex.sty
))
(C:\Users\gpintochica\AppData\Local\Programs\MiKTeX\tex/latex/geometry\geometry
.cfg))
(C:\Users\gpintochica\AppData\Local\Programs\MiKTeX\tex/latex/fancyhdr\fancyhdr
.sty)
(C:\Users\gpintochica\AppData\Local\Programs\MiKTeX\tex/latex/setspace\setspace
.sty)
(C:\Users\gpintochica\AppData\Local\Programs\MiKTeX\tex/latex/titlesec\titlesec
.sty)
(C:\Users\gpintochica\AppData\Local\Programs\MiKTeX\tex/latex/hyperref\hyperref
.sty
(C:\Users\gpintochica\AppData\Local\Programs\MiKTeX\tex/latex/kvsetkeys\kvsetke
ys.sty)
(C:\Users\gpintochica\AppData\Local\Programs\MiKTeX\tex/generic/kvdefinekeys\kv
definekeys.sty)
(C:\Users\gpintochica\AppData\Local\Programs\MiKTeX\tex/generic/pdfescape\pdfes
cape.sty
(C:\Users\gpintochica\AppData\Local\Programs\MiKTeX\tex/generic/ltxcmds\ltxcmds
.sty)
(C:\Users\gpintochica\AppData\Local\Programs\MiKTeX\tex/generic/pdftexcmds\pdft
excmds.sty
(C:\Users\gpintochica\AppData\Local\Programs\MiKTeX\tex/generic/infwarerr\infwa
rerr.sty)))
(C:\Users\gpintochica\AppData\Local\Programs\MiKTeX\tex/latex/hycolor\hycolor.s
ty)
(C:\Users\gpintochica\AppData\Local\Programs\MiKTeX\tex/latex/hyperref\nameref.
sty
(C:\Users\gpintochica\AppData\Local\Programs\MiKTeX\tex/latex/refcount\refcount
.sty)
(C:\Users\gpintochica\AppData\Local\Programs\MiKTeX\tex/generic/gettitlestring\
gettitlestring.sty
(C:\Users\gpintochica\AppData\Local\Programs\MiKTeX\tex/latex/kvoptions\kvoptio
ns.sty)))
(C:\Users\gpintochica\AppData\Local\Programs\MiKTeX\tex/generic/stringenc\strin
genc.sty)
(C:\Users\gpintochica\AppData\Local\Programs\MiKTeX\tex/latex/hyperref\pd1enc.d
ef)
(C:\Users\gpintochica\AppData\Local\Programs\MiKTeX\tex/generic/intcalc\intcalc
.sty)
(C:\Users\gpintochica\AppData\Local\Programs\MiKTeX\tex/latex/hyperref\puenc.de
f) (C:\Users\gpintochica\AppData\Local\Programs\MiKTeX\tex/latex/url\url.sty)
(C:\Users\gpintochica\AppData\Local\Programs\MiKTeX\tex/generic/bitset\bitset.s
ty
(C:\Users\gpintochica\AppData\Local\Programs\MiKTeX\tex/generic/bigintcalc\bigi
ntcalc.sty)))
(C:\Users\gpintochica\AppData\Local\Programs\MiKTeX\tex/latex/hyperref\hpdftex.
def
(C:\Users\gpintochica\AppData\Local\Programs\MiKTeX\tex/latex/rerunfilecheck\re
runfilecheck.sty
(C:\Users\gpintochica\AppData\Local\Programs\MiKTeX\tex/generic/uniquecounter\u
niquecounter.sty)))
(C:\Users\gpintochica\AppData\Local\Programs\MiKTeX\tex/latex/enumitem\enumitem
.sty)
(C:\Users\gpintochica\AppData\Local\Programs\MiKTeX\tex/generic/babel\babel.sty

(C:\Users\gpintochica\AppData\Local\Programs\MiKTeX\tex/generic/babel\txtbabel.
def)
*************************************
* Local config file bblopts.cfg used
*

(C:\Users\gpintochica\AppData\Local\Programs\MiKTeX\tex/latex/arabi\bblopts.cfg
)
(C:\Users\gpintochica\AppData\Local\Programs\MiKTeX\tex/generic/babel/locale/en
\babel-english.tex)
(C:\Users\gpintochica\AppData\Local\Programs\MiKTeX\tex/latex/babel-english\eng
lish.ldf))
(C:\Users\gpintochica\AppData\Local\Programs\MiKTeX\tex/latex/booktabs\booktabs
.sty)
(C:\Users\gpintochica\AppData\Local\Programs\MiKTeX\tex/latex/tools\tabularx.st
y (C:\Users\gpintochica\AppData\Local\Programs\MiKTeX\tex/latex/tools\array.sty
))
(C:\Users\gpintochica\AppData\Local\Programs\MiKTeX\tex/latex/caption\caption.s
ty
(C:\Users\gpintochica\AppData\Local\Programs\MiKTeX\tex/latex/caption\caption3.
sty))
(C:\Users\gpintochica\AppData\Local\Programs\MiKTeX\tex/latex/caption\subcaptio
n.sty)
(C:\Users\gpintochica\AppData\Local\Programs\MiKTeX\tex/latex/chngcntr\chngcntr
.sty)
(C:\Users\gpintochica\AppData\Local\Programs\MiKTeX\tex/latex/amsmath\amsmath.s
ty
For additional information on amsmath, use the `?' option.

(C:\Users\gpintochica\AppData\Local\Programs\MiKTeX\tex/latex/amsmath\amstext.s
ty
(C:\Users\gpintochica\AppData\Local\Programs\MiKTeX\tex/latex/amsmath\amsgen.st
y))
(C:\Users\gpintochica\AppData\Local\Programs\MiKTeX\tex/latex/amsmath\amsbsy.st
y)
(C:\Users\gpintochica\AppData\Local\Programs\MiKTeX\tex/latex/amsmath\amsopn.st
y))
(C:\Users\gpintochica\AppData\Local\Programs\MiKTeX\tex/latex/pgf/frontendlayer
\tikz.sty
(C:\Users\gpintochica\AppData\Local\Programs\MiKTeX\tex/latex/pgf/basiclayer\pg
f.sty
(C:\Users\gpintochica\AppData\Local\Programs\MiKTeX\tex/latex/pgf/utilities\pgf
rcs.sty
(C:\Users\gpintochica\AppData\Local\Programs\MiKTeX\tex/generic/pgf/utilities\p
gfutil-common.tex)
(C:\Users\gpintochica\AppData\Local\Programs\MiKTeX\tex/generic/pgf/utilities\p
gfutil-latex.def)
(C:\Users\gpintochica\AppData\Local\Programs\MiKTeX\tex/generic/pgf/utilities\p
gfrcs.code.tex
(C:\Users\gpintochica\AppData\Local\Programs\MiKTeX\tex/generic/pgf\pgf.revisio
n.tex)))
(C:\Users\gpintochica\AppData\Local\Programs\MiKTeX\tex/latex/pgf/basiclayer\pg
fcore.sty
(C:\Users\gpintochica\AppData\Local\Programs\MiKTeX\tex/latex/pgf/systemlayer\p
gfsys.sty
(C:\Users\gpintochica\AppData\Local\Programs\MiKTeX\tex/generic/pgf/systemlayer
\pgfsys.code.tex
(C:\Users\gpintochica\AppData\Local\Programs\MiKTeX\tex/generic/pgf/utilities\p
gfkeys.code.tex
(C:\Users\gpintochica\AppData\Local\Programs\MiKTeX\tex/generic/pgf/utilities\p
gfkeyslibraryfiltered.code.tex))
(C:\Users\gpintochica\AppData\Local\Programs\MiKTeX\tex/generic/pgf/systemlayer
\pgf.cfg)
(C:\Users\gpintochica\AppData\Local\Programs\MiKTeX\tex/generic/pgf/systemlayer
\pgfsys-pdftex.def
(C:\Users\gpintochica\AppData\Local\Programs\MiKTeX\tex/generic/pgf/systemlayer
\pgfsys-common-pdf.def)))
(C:\Users\gpintochica\AppData\Local\Programs\MiKTeX\tex/generic/pgf/systemlayer
\pgfsyssoftpath.code.tex)
(C:\Users\gpintochica\AppData\Local\Programs\MiKTeX\tex/generic/pgf/systemlayer
\pgfsysprotocol.code.tex))
(C:\Users\gpintochica\AppData\Local\Programs\MiKTeX\tex/latex/xcolor\xcolor.sty

(C:\Users\gpintochica\AppData\Local\Programs\MiKTeX\tex/latex/graphics-cfg\colo
r.cfg)
(C:\Users\gpintochica\AppData\Local\Programs\MiKTeX\tex/latex/graphics\mathcolo
r.ltx))
(C:\Users\gpintochica\AppData\Local\Programs\MiKTeX\tex/generic/pgf/basiclayer\
pgfcore.code.tex
(C:\Users\gpintochica\AppData\Local\Programs\MiKTeX\tex/generic/pgf/math\pgfmat
h.code.tex
(C:\Users\gpintochica\AppData\Local\Programs\MiKTeX\tex/generic/pgf/math\pgfmat
hutil.code.tex)
(C:\Users\gpintochica\AppData\Local\Programs\MiKTeX\tex/generic/pgf/math\pgfmat
hparser.code.tex)
(C:\Users\gpintochica\AppData\Local\Programs\MiKTeX\tex/generic/pgf/math\pgfmat
hfunctions.code.tex)
(C:\Users\gpintochica\AppData\Local\Programs\MiKTeX\tex/generic/pgf/math\pgfmat
hfunctions.basic.code.tex)
(C:\Users\gpintochica\AppData\Local\Programs\MiKTeX\tex/generic/pgf/math\pgfmat
hfunctions.trigonometric.code.tex)
(C:\Users\gpintochica\AppData\Local\Programs\MiKTeX\tex/generic/pgf/math\pgfmat
hfunctions.random.code.tex)
(C:\Users\gpintochica\AppData\Local\Programs\MiKTeX\tex/generic/pgf/math\pgfmat
hfunctions.comparison.code.tex)
(C:\Users\gpintochica\AppData\Local\Programs\MiKTeX\tex/generic/pgf/math\pgfmat
hfunctions.base.code.tex)
(C:\Users\gpintochica\AppData\Local\Programs\MiKTeX\tex/generic/pgf/math\pgfmat
hfunctions.round.code.tex)
(C:\Users\gpintochica\AppData\Local\Programs\MiKTeX\tex/generic/pgf/math\pgfmat
hfunctions.misc.code.tex)
(C:\Users\gpintochica\AppData\Local\Programs\MiKTeX\tex/generic/pgf/math\pgfmat
hfunctions.integerarithmetics.code.tex)
(C:\Users\gpintochica\AppData\Local\Programs\MiKTeX\tex/generic/pgf/math\pgfmat
hcalc.code.tex)
(C:\Users\gpintochica\AppData\Local\Programs\MiKTeX\tex/generic/pgf/math\pgfmat
hfloat.code.tex))
(C:\Users\gpintochica\AppData\Local\Programs\MiKTeX\tex/generic/pgf/math\pgfint
.code.tex)
(C:\Users\gpintochica\AppData\Local\Programs\MiKTeX\tex/generic/pgf/basiclayer\
pgfcorepoints.code.tex)
(C:\Users\gpintochica\AppData\Local\Programs\MiKTeX\tex/generic/pgf/basiclayer\
pgfcorepathconstruct.code.tex)
(C:\Users\gpintochica\AppData\Local\Programs\MiKTeX\tex/generic/pgf/basiclayer\
pgfcorepathusage.code.tex)
(C:\Users\gpintochica\AppData\Local\Programs\MiKTeX\tex/generic/pgf/basiclayer\
pgfcorescopes.code.tex)
(C:\Users\gpintochica\AppData\Local\Programs\MiKTeX\tex/generic/pgf/basiclayer\
pgfcoregraphicstate.code.tex)
(C:\Users\gpintochica\AppData\Local\Programs\MiKTeX\tex/generic/pgf/basiclayer\
pgfcoretransformations.code.tex)
(C:\Users\gpintochica\AppData\Local\Programs\MiKTeX\tex/generic/pgf/basiclayer\
pgfcorequick.code.tex)
(C:\Users\gpintochica\AppData\Local\Programs\MiKTeX\tex/generic/pgf/basiclayer\
pgfcoreobjects.code.tex)
(C:\Users\gpintochica\AppData\Local\Programs\MiKTeX\tex/generic/pgf/basiclayer\
pgfcorepathprocessing.code.tex)
(C:\Users\gpintochica\AppData\Local\Programs\MiKTeX\tex/generic/pgf/basiclayer\
pgfcorearrows.code.tex)
(C:\Users\gpintochica\AppData\Local\Programs\MiKTeX\tex/generic/pgf/basiclayer\
pgfcoreshade.code.tex)
(C:\Users\gpintochica\AppData\Local\Programs\MiKTeX\tex/generic/pgf/basiclayer\
pgfcoreimage.code.tex)
(C:\Users\gpintochica\AppData\Local\Programs\MiKTeX\tex/generic/pgf/basiclayer\
pgfcoreexternal.code.tex)
(C:\Users\gpintochica\AppData\Local\Programs\MiKTeX\tex/generic/pgf/basiclayer\
pgfcorelayers.code.tex)
(C:\Users\gpintochica\AppData\Local\Programs\MiKTeX\tex/generic/pgf/basiclayer\
pgfcoretransparency.code.tex)
(C:\Users\gpintochica\AppData\Local\Programs\MiKTeX\tex/generic/pgf/basiclayer\
pgfcorepatterns.code.tex)
(C:\Users\gpintochica\AppData\Local\Programs\MiKTeX\tex/generic/pgf/basiclayer\
pgfcorerdf.code.tex)))
(C:\Users\gpintochica\AppData\Local\Programs\MiKTeX\tex/generic/pgf/modules\pgf
moduleshapes.code.tex)
(C:\Users\gpintochica\AppData\Local\Programs\MiKTeX\tex/generic/pgf/modules\pgf
moduleplot.code.tex)
(C:\Users\gpintochica\AppData\Local\Programs\MiKTeX\tex/latex/pgf/compatibility
\pgfcomp-version-0-65.sty)
(C:\Users\gpintochica\AppData\Local\Programs\MiKTeX\tex/latex/pgf/compatibility
\pgfcomp-version-1-18.sty))
(C:\Users\gpintochica\AppData\Local\Programs\MiKTeX\tex/latex/pgf/utilities\pgf
for.sty
(C:\Users\gpintochica\AppData\Local\Programs\MiKTeX\tex/latex/pgf/utilities\pgf
keys.sty
(C:\Users\gpintochica\AppData\Local\Programs\MiKTeX\tex/generic/pgf/utilities\p
gfkeys.code.tex))
(C:\Users\gpintochica\AppData\Local\Programs\MiKTeX\tex/latex/pgf/math\pgfmath.
sty
(C:\Users\gpintochica\AppData\Local\Programs\MiKTeX\tex/generic/pgf/math\pgfmat
h.code.tex))
(C:\Users\gpintochica\AppData\Local\Programs\MiKTeX\tex/generic/pgf/utilities\p
gffor.code.tex))
(C:\Users\gpintochica\AppData\Local\Programs\MiKTeX\tex/generic/pgf/frontendlay
er/tikz\tikz.code.tex
(C:\Users\gpintochica\AppData\Local\Programs\MiKTeX\tex/generic/pgf/libraries\p
gflibraryplothandlers.code.tex)
(C:\Users\gpintochica\AppData\Local\Programs\MiKTeX\tex/generic/pgf/modules\pgf
modulematrix.code.tex)
(C:\Users\gpintochica\AppData\Local\Programs\MiKTeX\tex/generic/pgf/frontendlay
er/tikz/libraries\tikzlibrarytopaths.code.tex)))
(C:\Users\gpintochica\AppData\Local\Programs\MiKTeX\tex/latex/natbib\natbib.sty
)
(C:\Users\gpintochica\AppData\Local\Programs\MiKTeX\tex/latex/csquotes\csquotes
.sty
(C:\Users\gpintochica\AppData\Local\Programs\MiKTeX\tex/latex/csquotes\csquotes
.def)
(C:\Users\gpintochica\AppData\Local\Programs\MiKTeX\tex/latex/csquotes\csquotes
.cfg))
(C:\Users\gpintochica\AppData\Local\Programs\MiKTeX\tex/latex/tools\longtable.s
ty)
(C:\Users\gpintochica\AppData\Local\Programs\MiKTeX\tex/latex/graphics\lscape.s
ty)
(C:\Users\gpintochica\AppData\Local\Programs\MiKTeX\tex/generic/pgf/frontendlay
er/tikz/libraries\tikzlibrarydecorations.pathreplacing.code.tex
(C:\Users\gpintochica\AppData\Local\Programs\MiKTeX\tex/generic/pgf/frontendlay
er/tikz/libraries\tikzlibrarydecorations.code.tex
(C:\Users\gpintochica\AppData\Local\Programs\MiKTeX\tex/generic/pgf/modules\pgf
moduledecorations.code.tex))
(C:\Users\gpintochica\AppData\Local\Programs\MiKTeX\tex/generic/pgf/libraries/d
ecorations\pgflibrarydecorations.pathreplacing.code.tex))
(C:\Users\gpintochica\AppData\Local\Programs\MiKTeX\tex/generic/pgf/frontendlay
er/tikz/libraries\tikzlibrarypositioning.code.tex)
(C:\Users\gpintochica\AppData\Local\Programs\MiKTeX\tex/generic/pgf/libraries\p
gflibraryarrows.meta.code.tex)
(C:\Users\gpintochica\AppData\Local\Programs\MiKTeX\tex/latex/lastpage\lastpage
.sty
(C:\Users\gpintochica\AppData\Local\Programs\MiKTeX\tex/latex/lastpage\lastpage
2e.sty
(C:\Users\gpintochica\AppData\Local\Programs\MiKTeX\tex/latex/lastpage\lastpage
modern.sty) 
))
(C:\Users\gpintochica\AppData\Local\Programs\MiKTeX\tex/latex/tools\afterpage.s
ty)
(C:\Users\gpintochica\AppData\Local\Programs\MiKTeX\tex/latex/pgfplots\pgfplots
.sty
(C:\Users\gpintochica\AppData\Local\Programs\MiKTeX\tex/generic/pgfplots\pgfplo
ts.revision.tex)
(C:\Users\gpintochica\AppData\Local\Programs\MiKTeX\tex/generic/pgfplots\pgfplo
ts.code.tex
(C:\Users\gpintochica\AppData\Local\Programs\MiKTeX\tex/generic/pgfplots\pgfplo
tscore.code.tex
(C:\Users\gpintochica\AppData\Local\Programs\MiKTeX\tex/generic/pgfplots/sys\pg
fplotssysgeneric.code.tex))
(C:\Users\gpintochica\AppData\Local\Programs\MiKTeX\tex/generic/pgfplots/libs\p
gfplotslibrary.code.tex)
(C:\Users\gpintochica\AppData\Local\Programs\MiKTeX\tex/generic/pgfplots/oldpgf
compatib\pgfplotsoldpgfsupp_loader.code.tex
(C:\Users\gpintochica\AppData\Local\Programs\MiKTeX\tex/generic/pgf/libraries\p
gflibraryfpu.code.tex)
Package pgfplots: loading complementary utilities for your pgf version...

(C:\Users\gpintochica\AppData\Local\Programs\MiKTeX\tex/generic/pgfplots/oldpgf
compatib\pgfplotsoldpgfsupp_pgfutil-common-lists.tex))
(C:\Users\gpintochica\AppData\Local\Programs\MiKTeX\tex/generic/pgfplots/util\p
gfplotsutil.code.tex
(C:\Users\gpintochica\AppData\Local\Programs\MiKTeX\tex/generic/pgfplots/listst
ructure\pgfplotsliststructure.code.tex)
(C:\Users\gpintochica\AppData\Local\Programs\MiKTeX\tex/generic/pgfplots/listst
ructure\pgfplotsliststructureext.code.tex)
(C:\Users\gpintochica\AppData\Local\Programs\MiKTeX\tex/generic/pgfplots/listst
ructure\pgfplotsarray.code.tex)
(C:\Users\gpintochica\AppData\Local\Programs\MiKTeX\tex/generic/pgfplots/listst
ructure\pgfplotsmatrix.code.tex)
(C:\Users\gpintochica\AppData\Local\Programs\MiKTeX\tex/generic/pgfplots/numtab
le\pgfplotstableshared.code.tex)
(C:\Users\gpintochica\AppData\Local\Programs\MiKTeX\tex/generic/pgfplots/listst
ructure\pgfplotsdeque.code.tex)
(C:\Users\gpintochica\AppData\Local\Programs\MiKTeX\tex/generic/pgfplots/util\p
gfplotsbinary.code.tex
(C:\Users\gpintochica\AppData\Local\Programs\MiKTeX\tex/generic/pgfplots/util\p
gfplotsbinary.data.code.tex))
(C:\Users\gpintochica\AppData\Local\Programs\MiKTeX\tex/generic/pgfplots/util\p
gfplotsutil.verb.code.tex)
(C:\Users\gpintochica\AppData\Local\Programs\MiKTeX\tex/generic/pgfplots/libs\p
gflibrarypgfplots.surfshading.code.tex
(C:\Users\gpintochica\AppData\Local\Programs\MiKTeX\tex/generic/pgfplots/sys\pg
flibrarypgfplots.surfshading.pgfsys-pdftex.def)))
(C:\Users\gpintochica\AppData\Local\Programs\MiKTeX\tex/generic/pgfplots/util\p
gfplotscolormap.code.tex
(C:\Users\gpintochica\AppData\Local\Programs\MiKTeX\tex/generic/pgfplots/util\p
gfplotscolor.code.tex))
(C:\Users\gpintochica\AppData\Local\Programs\MiKTeX\tex/generic/pgfplots\pgfplo
tsstackedplots.code.tex)
(C:\Users\gpintochica\AppData\Local\Programs\MiKTeX\tex/generic/pgfplots\pgfplo
tsplothandlers.code.tex
(C:\Users\gpintochica\AppData\Local\Programs\MiKTeX\tex/generic/pgfplots\pgfplo
tsmeshplothandler.code.tex
(C:\Users\gpintochica\AppData\Local\Programs\MiKTeX\tex/generic/pgfplots\pgfplo
tsmeshplotimage.code.tex)))
(C:\Users\gpintochica\AppData\Local\Programs\MiKTeX\tex/generic/pgfplots\pgfplo
ts.scaling.code.tex)
(C:\Users\gpintochica\AppData\Local\Programs\MiKTeX\tex/generic/pgfplots\pgfplo
tscoordprocessing.code.tex)
(C:\Users\gpintochica\AppData\Local\Programs\MiKTeX\tex/generic/pgfplots\pgfplo
ts.errorbars.code.tex)
(C:\Users\gpintochica\AppData\Local\Programs\MiKTeX\tex/generic/pgfplots\pgfplo
ts.markers.code.tex)
(C:\Users\gpintochica\AppData\Local\Programs\MiKTeX\tex/generic/pgfplots\pgfplo
tsticks.code.tex)
(C:\Users\gpintochica\AppData\Local\Programs\MiKTeX\tex/generic/pgfplots\pgfplo
ts.paths.code.tex)
(C:\Users\gpintochica\AppData\Local\Programs\MiKTeX\tex/generic/pgf/frontendlay
er/tikz/libraries\tikzlibrarydecorations.pathmorphing.code.tex
(C:\Users\gpintochica\AppData\Local\Programs\MiKTeX\tex/generic/pgf/libraries/d
ecorations\pgflibrarydecorations.pathmorphing.code.tex))
(C:\Users\gpintochica\AppData\Local\Programs\MiKTeX\tex/generic/pgfplots/libs\t
ikzlibrarypgfplots.contourlua.code.tex))
(C:\Users\gpintochica\AppData\Local\Programs\MiKTeX\tex/generic/pgf/frontendlay
er/tikz/libraries\tikzlibraryplotmarks.code.tex
(C:\Users\gpintochica\AppData\Local\Programs\MiKTeX\tex/generic/pgf/libraries\p
gflibraryplotmarks.code.tex)))
(C:\Users\gpintochica\AppData\Local\Programs\MiKTeX\tex/latex/tocloft\tocloft.s
ty))
(C:\Users\gpintochica\AppData\Local\Programs\MiKTeX\tex/latex/lipsum\lipsum.sty

(C:\Users\gpintochica\AppData\Local\Programs\MiKTeX\tex/latex/l3packages/l3keys
2e\l3keys2e.sty
(C:\Users\gpintochica\AppData\Local\Programs\MiKTeX\tex/latex/l3kernel\expl3.st
y
(C:\Users\gpintochica\AppData\Local\Programs\MiKTeX\tex/latex/l3backend\l3backe
nd-pdftex.def)))
(C:\Users\gpintochica\AppData\Local\Programs\MiKTeX\tex/latex/lipsum\lipsum.ltd
.tex))
(C:\Users\gpintochica\AppData\Local\Programs\MiKTeX\tex/latex/psnfss\t1ptm.fd)
(main.aux)
(C:\Users\gpintochica\AppData\Local\Programs\MiKTeX\tex/context/base/mkii\supp-
pdf.mkii
[Loading MPS to PDF converter (version 2006.09.02).]
)
(C:\Users\gpintochica\AppData\Local\Programs\MiKTeX\tex/latex/epstopdf-pkg\epst
opdf-base.sty
(C:\Users\gpintochica\AppData\Local\Programs\MiKTeX\tex/latex/00miktex\epstopdf
-sys.cfg))
*geometry* driver: auto-detecting
*geometry* detected driver: pdftex
(main.out) (main.out)
(C:\Users\gpintochica\AppData\Local\Programs\MiKTeX\tex/latex/caption\ltcaption
.sty)

Package pgfplots Warning: running in backwards compatibility mode (unsuitable t
ick labels; missing features). Consider writing \pgfplotsset{compat=1.18} into 
your preamble.
 on input line 6.

(variables.tex) (TitlePage.tex [1{C:/Users/gpintochica/AppData/Local/MiKTeX/fon
ts/map/pdftex/pdftex.map}{C:/Users/gpintochica/AppData/Local/Programs/MiKTeX/fo
nts/enc/dvips/base/8r.enc} <./images/ktu-ikona.pdf>]) (main.toc
(C:\Users\gpintochica\AppData\Local\Programs\MiKTeX\tex/latex/psnfss\ot1ztmcm.f
d)
(C:\Users\gpintochica\AppData\Local\Programs\MiKTeX\tex/latex/psnfss\omlztmcm.f
d)
(C:\Users\gpintochica\AppData\Local\Programs\MiKTeX\tex/latex/psnfss\omsztmcm.f
d)
(C:\Users\gpintochica\AppData\Local\Programs\MiKTeX\tex/latex/psnfss\omxztmcm.f
d)
(C:\Users\gpintochica\AppData\Local\Programs\MiKTeX\tex/latex/psnfss\ot1ptm.fd)
) [2] (main.lof) [3] (main.lot) [4] (chapters/fnirs_literature_review.tex
[5] [6] [7]

LaTeX Warning: `h' float specifier changed to `ht'.

[8 <./images/The proposed convolutional networks.png>] [9 <./images/The Compari
son for Receiver Operater Characteristic for the three.png>] [10 <./images/The 
diagram illustrates the proposed architecture, incorporating both CNN and LSTM.
png>]

LaTeX Warning: `h' float specifier changed to `ht'.


LaTeX Warning: `h' float specifier changed to `ht'.

[11]

LaTeX Warning: `h' float specifier changed to `ht'.


LaTeX Warning: `h' float specifier changed to `ht'.

[12 <./images/shows MLP, CNN, and LSTM architectures..jpg>] [13 <./images/extra
ction of samples for training neural networks..jpg> <./images/proposed framewor
k for walking-task classification using fNIRS..png>]

LaTeX Warning: `h' float specifier changed to `ht'.


LaTeX Warning: `h' float specifier changed to `ht'.


LaTeX Warning: `h' float specifier changed to `ht'.

[14 <./images/fNIRS sensor pad and forehead voxel locations.png>] [15 <./images
/onceptual plots illustrating Relative Neural Efficiency and Relative Neural In
volvement.png> <./images/overview of the machine-learning pipeline.png>]
[16 <./images/standardized cognitive load and standardized performance across f
our quiz sessions.png>] [17] [18]) [19] (chapters/conclutions.tex) [20]
(main.bbl
Underfull \hbox (badness 1558) in paragraph at lines 33--38
[]\T1/ptm/m/n/12 Shayla Sharmin, Mo-ham-mad Fahim Abrar, Gael Lucero-Palacios, 
Aditya Raik-war, and
) [21] (chapters/appendix.tex [22] [23]) [24]

enddocument/afterlastpage (AED): lastpage setting LastPage.
(main.aux)

LaTeX Warning: Label(s) may have changed. Rerun to get cross-references right.

 )
(see the transcript file for additional information) <C:\Users\gpintochica\AppD
ata\Local\MiKTeX\fonts/pk/ljfour/jknappen/ec/dpi600\ectt1200.pk><C:/Users/gpint
ochica/AppData/Local/Programs/MiKTeX/fonts/type1/public/amsfonts/cm/cmex10.pfb>
<C:/Users/gpintochica/AppData/Local/Programs/MiKTeX/fonts/type1/public/amsfonts
/cm/cmmi10.pfb><C:/Users/gpintochica/AppData/Local/Programs/MiKTeX/fonts/type1/
public/amsfonts/cm/cmr10.pfb><C:/Users/gpintochica/AppData/Local/Programs/MiKTe
X/fonts/type1/public/amsfonts/cm/cmsy10.pfb><C:/Users/gpintochica/AppData/Local
/Programs/MiKTeX/fonts/type1/urw/symbol/usyr.pfb><C:/Users/gpintochica/AppData/
Local/Programs/MiKTeX/fonts/type1/urw/symbol/usyr.pfb><C:/Users/gpintochica/App
Data/Local/Programs/MiKTeX/fonts/type1/urw/times/utmb8a.pfb><C:/Users/gpintochi
ca/AppData/Local/Programs/MiKTeX/fonts/type1/urw/times/utmr8a.pfb><C:/Users/gpi
ntochica/AppData/Local/Programs/MiKTeX/fonts/type1/urw/times/utmri8a.pfb>
Output written on main.pdf (24 pages, 1629106 bytes).
Transcript written on main.log.
